{
  "version": "2",
  "hash": "",
  "state_change_hash": "",
  "event_root_hash": "",
  "state_checkpoint_hash": null,
  "gas_used": "2",
  "success": false,
  "vm_status": "Transaction Executed and Committed with Error LINKER_ERROR",
  "accumulator_root_hash": "",
  "changes": [
    {
      "address": "0xa550c18",
      "state_key_hash": "",
      "data": {
        "type": "0x1::coin::CoinStore<0x1::aptos_coin::AptosCoin>",
        "data": {
          "coin": {
            "value": "18446744073709551415"
          },
          "deposit_events": {
            "counter": "1",
            "guid": {
              "id": {
                "addr": "0xa550c18",
                "creation_num": "2"
              }
            }
          },
          "frozen": false,
          "withdraw_events": {
            "counter": "0",
            "guid": {
              "id": {
                "addr": "0xa550c18",
                "creation_num": "3"
              }
            }
          }
        }
      },
      "type": "write_resource"
    },
    {
      "address": "0xa550c18",
      "state_key_hash": "",
      "data": {
        "type": "0x1::account::Account",
        "data": {
          "authentication_key": "0xcef8ffd1ab9017e96132df8a56b22de39a8155e1c3fc32affbbf93eb624b532a",
          "coin_register_events": {
            "counter": "1",
            "guid": {
              "id": {
                "addr": "0xa550c18",
                "creation_num": "0"
              }
            }
          },
          "guid_creation_num": "4",
          "key_rotation_events": {
            "counter": "0",
            "guid": {
              "id": {
                "addr": "0xa550c18",
                "creation_num": "1"
              }
            }
          },
          "rotation_capability_offer": {
            "for": {
              "vec": []
            }
          },
          "sequence_number": "1",
          "signer_capability_offer": {
            "for": {
              "vec": []
            }
          }
        }
      },
      "type": "write_resource"
    },
    {
      "state_key_hash": "",
      "handle": "0x1b854694ae746cdbd8d44186ca4929b2b337df21d1c74633be19b2710552fdca",
      "key": "0x0619dc29a0aac8fa146714058e8dd6d2d0f3bdf5f6331907bf91f3acd81e6935",
      "value": "0x41ffffffffffffff0000000000000000",
      "data": null,
      "type": "write_table_item"
    }
  ],
  "sender": "0xa550c18",
  "sequence_number": "0",
  "max_gas_amount": "2000000",
  "gas_unit_price": "100",
  "expiration_timestamp_secs": "18446744073709551615",
  "payload": {
    "function": "0x1::CoinInvalid::transfer",
    "type_arguments": [
      "0x1::aptos_coin::AptosCoin"
    ],
    "arguments": [
      "0x00000000000000000000000000000000000000000000000000000000000000dd",
      "0x0100000000000000"
    ],
    "type": "entry_function_payload"
  },
  "signature": {
    "public_key": "0x14418f867a0bd6d42abb2daa50cd68a5a869ce208282481f57504f630510d0d3",
    "signature": "0xf28ac2e27e637cc72ea4406e3a7d161927f847c9ba6ff993eeaeee4657bfead5ac50859ba1b8237271efcb7cfb109fbee1b7ac852b0839a965954d11d8e9c902",
    "type": "ed25519_signature"
  },
  "events": [],
  "timestamp": "500000",
  "type": "user_transaction"
}
