{
  "version": "2",
  "hash": "",
  "state_change_hash": "",
  "event_root_hash": "",
  "state_checkpoint_hash": null,
  "gas_used": "9",
  "success": true,
  "vm_status": "Executed successfully",
  "accumulator_root_hash": "",
  "changes": [
    {
      "address": "0xa550c18",
      "state_key_hash": "",
      "data": {
        "type": "0x1::account::Account",
        "data": {
          "authentication_key": "0xcef8ffd1ab9017e96132df8a56b22de39a8155e1c3fc32affbbf93eb624b532a",
          "coin_register_events": {
            "counter": "1",
            "guid": {
              "id": {
                "addr": "0xa550c18",
                "creation_num": "0"
              }
            }
          },
          "guid_creation_num": "4",
          "key_rotation_events": {
            "counter": "0",
            "guid": {
              "id": {
                "addr": "0xa550c18",
                "creation_num": "1"
              }
            }
          },
          "rotation_capability_offer": {
            "for": {
              "vec": []
            }
          },
          "sequence_number": "1",
          "signer_capability_offer": {
            "for": {
              "vec": []
            }
          }
        }
      },
      "type": "write_resource"
    },
    {
      "address": "0x34bf7e2d17674feb234371a7ea58efd715f0e56ba20ebf13789480d9d643afaf",
      "state_key_hash": "",
      "data": {
        "type": "0x1::coin::CoinStore<0x1::aptos_coin::AptosCoin>",
        "data": {
          "coin": {
            "value": "0"
          },
          "deposit_events": {
            "counter": "0",
            "guid": {
              "id": {
                "addr": "0x34bf7e2d17674feb234371a7ea58efd715f0e56ba20ebf13789480d9d643afaf",
                "creation_num": "2"
              }
            }
          },
          "frozen": false,
          "withdraw_events": {
            "counter": "0",
            "guid": {
              "id": {
                "addr": "0x34bf7e2d17674feb234371a7ea58efd715f0e56ba20ebf13789480d9d643afaf",
                "creation_num": "3"
              }
            }
          }
        }
      },
      "type": "write_resource"
    },
    {
      "address": "0x34bf7e2d17674feb234371a7ea58efd715f0e56ba20ebf13789480d9d643afaf",
      "state_key_hash": "",
      "data": {
        "type": "0x1::account::Account",
        "data": {
          "authentication_key": "0x34bf7e2d17674feb234371a7ea58efd715f0e56ba20ebf13789480d9d643afaf",
          "coin_register_events": {
            "counter": "1",
            "guid": {
              "id": {
                "addr": "0x34bf7e2d17674feb234371a7ea58efd715f0e56ba20ebf13789480d9d643afaf",
                "creation_num": "0"
              }
            }
          },
          "guid_creation_num": "4",
          "key_rotation_events": {
            "counter": "0",
            "guid": {
              "id": {
                "addr": "0x34bf7e2d17674feb234371a7ea58efd715f0e56ba20ebf13789480d9d643afaf",
                "creation_num": "1"
              }
            }
          },
          "rotation_capability_offer": {
            "for": {
              "vec": []
            }
          },
          "sequence_number": "0",
          "signer_capability_offer": {
            "for": {
              "vec": []
            }
          }
        }
      },
      "type": "write_resource"
    }
  ],
  "sender": "0xa550c18",
  "sequence_number": "0",
  "max_gas_amount": "100000000",
  "gas_unit_price": "0",
  "expiration_timestamp_secs": "18446744073709551615",
  "payload": {
    "function": "0x1::aptos_account::create_account",
    "type_arguments": [],
    "arguments": [
      "0x34bf7e2d17674feb234371a7ea58efd715f0e56ba20ebf13789480d9d643afaf"
    ],
    "type": "entry_function_payload"
  },
  "signature": {
    "public_key": "0x14418f867a0bd6d42abb2daa50cd68a5a869ce208282481f57504f630510d0d3",
    "signature": "0x95915d42cd822b6195581e9be3c164b70afeb9228ebb68c2e3f14240e3f43a164caabae8096163c6a341fc3830b36618b4619b7d5f2edcd603690e91a62fdb05",
    "type": "ed25519_signature"
  },
  "events": [
    {
      "guid": {
        "creation_number": "0",
        "account_address": "0x34bf7e2d17674feb234371a7ea58efd715f0e56ba20ebf13789480d9d643afaf"
      },
      "sequence_number": "0",
      "type": "0x1::account::CoinRegisterEvent",
      "data": {
        "type_info": {
          "account_address": "0x1",
          "module_name": "0x6170746f735f636f696e",
          "struct_name": "0x4170746f73436f696e"
        }
      }
    },
    {
      "guid": {
        "creation_number": "0",
        "account_address": "0x0"
      },
      "sequence_number": "0",
      "type": "0x1::transaction_fee::FeeStatement",
      "data": {
        "execution_gas_units": "5",
        "io_gas_units": "4",
        "storage_fee_octas": "0",
        "storage_fee_refund_octas": "0",
        "total_charge_gas_units": "9"
      }
    }
  ],
  "timestamp": "500000",
  "type": "user_transaction"
}
