{
  "type": "user_transaction",
  "version": "4",
  "hash": "0x67d3d83ebf873c54ae08380b8984ee3bef0227c284117384b9e086498c52fb90",
  "state_root_hash": "0x1dd8117adcd3fddaeced426b8d2196b03207b51c88fc4e1478a28980d925e853",
  "event_root_hash": "0x414343554d554c41544f525f504c414345484f4c4445525f4841534800000000",
  "gas_used": "1",
  "success": false,
  "vm_status": "Move bytecode deserialization / verification failed, including script function not found or invalid arguments",
  "accumulator_root_hash": "0xb3fb58cc72946f76e59ccf8590154da6fbe76eb602ab0ec47f7abf44724c1911",
  "changes": [
    {
      "type": "write_resource",
      "address": "0xe60912ecb0a8c365d163d258f3b9f1b62f8f9148c207643864d7ed4a2b23159",
      "state_key_hash": "0xd1742838da5b852a3ff4714b21e88a0e8f09cc97d2a2d7d78aea7705fa3c51cd",
      "data": {
        "type": "0x1::Account::Account",
        "data": {
          "authentication_key": "0x0e60912ecb0a8c365d163d258f3b9f1b62f8f9148c207643864d7ed4a2b23159",
          "balance": {
            "value": "0"
          },
          "self_address": "0xe60912ecb0a8c365d163d258f3b9f1b62f8f9148c207643864d7ed4a2b23159",
          "sequence_number": "1",
          "transfer_events": {
            "received_events": {
              "counter": "0",
              "guid": {
                "guid": {
                  "id": {
                    "addr": "0xe60912ecb0a8c365d163d258f3b9f1b62f8f9148c207643864d7ed4a2b23159",
                    "creation_num": "1"
                  }
                },
                "len_bytes": 40
              }
            },
            "sent_events": {
              "counter": "0",
              "guid": {
                "guid": {
                  "id": {
                    "addr": "0xe60912ecb0a8c365d163d258f3b9f1b62f8f9148c207643864d7ed4a2b23159",
                    "creation_num": "0"
                  }
                },
                "len_bytes": 40
              }
            }
          }
        }
      }
    }
  ],
  "sender": "0xe60912ecb0a8c365d163d258f3b9f1b62f8f9148c207643864d7ed4a2b23159",
  "sequence_number": "0",
  "max_gas_amount": "2000",
  "gas_unit_price": "0",
  "expiration_timestamp_secs": "18446744073709551615",
  "payload": {
    "type": "script_function_payload",
    "function": "0x1::TestCoin::transfer",
    "type_arguments": [],
    "arguments": [
      "0x00000000000000000000000000000000000000000000000000000000000000dd",
      "0x7b00000000000000"
    ]
  },
  "signature": {
    "type": "ed25519_signature",
    "public_key": "0xafb4905e9550cf462a82007824a055d975ae934470c477d9ddbb6d2b264c36fa",
    "signature": "0x54182ebf4aef3031c730e2e63fae4363e0f15540ceb4ab9d064f7f9adc6d8c648ec6a52648097a32024509fce45767ed4aedb0ab3a719baed233633e1264b60c"
  },
  "events": [],
  "timestamp": "2"
}
