{
  "deprioritized_gas_estimate": 100,
  "gas_estimate": 100,
  "prioritized_gas_estimate": 150
}
