{
  "type": "user_transaction",
  "version": "2",
  "hash": "0xf1d9819d9c3890f1d3e515be30cf920bd5bba8a7616dc02f21438c3ce08e27fa",
  "state_root_hash": "0x8c9477979fbb94b849d0f35cac7c8ef96ff8a332ae08f7f8fbfd9563df44ff0a",
  "event_root_hash": "0x414343554d554c41544f525f504c414345484f4c4445525f4841534800000000",
  "gas_used": "1",
  "success": false,
  "vm_status": "Move bytecode deserialization / verification failed, including script function not found or invalid arguments",
  "accumulator_root_hash": "0xac125c6b87bd86b346634a8f7a90d9952359230565d1396468595f40454a2217",
  "changes": [
    {
      "type": "write_resource",
      "address": "0xa550c18",
      "state_key_hash": "0x04a62513032e695c923632ca1b9248d11e49c9b1e83bba39974adf50bbabdd8f",
      "data": {
        "type": "0x1::Account::Account",
        "data": {
          "authentication_key": "0x7deeccb1080854f499ec8b4c1b213b82c5e34b925cf6875fec02d4b77adbd2d6",
          "balance": {
            "value": "18446744073709551614"
          },
          "self_address": "0xa550c18",
          "sequence_number": "1",
          "transfer_events": {
            "received_events": {
              "counter": "0",
              "guid": {
                "guid": {
                  "id": {
                    "addr": "0xa550c18",
                    "creation_num": "1"
                  }
                },
                "len_bytes": 40
              }
            },
            "sent_events": {
              "counter": "0",
              "guid": {
                "guid": {
                  "id": {
                    "addr": "0xa550c18",
                    "creation_num": "0"
                  }
                },
                "len_bytes": 40
              }
            }
          }
        }
      }
    }
  ],
  "sender": "0xa550c18",
  "sequence_number": "0",
  "max_gas_amount": "2000",
  "gas_unit_price": "0",
  "expiration_timestamp_secs": "18446744073709551615",
  "payload": {
    "type": "module_bundle_payload",
    "modules": [
      {
        "bytecode": "0xa11ceb0b030000",
        "abi": null
      }
    ]
  },
  "signature": {
    "type": "ed25519_signature",
    "public_key": "0xb9c6ee1630ef3e711144a648db06bbb2284f7274cfbee53ffcee503cc1a49200",
    "signature": "0xf6523e24249fbe46e68a0035f7c7daac2cf6c3653ac0192f9f85101116c92fa901238088b8ecaf459c5afbca229cffde00b214626c5be6cb70ce6120d655a80f"
  },
  "events": [],
  "timestamp": "1"
}
