{
  "version": "2",
  "hash": "",
  "state_change_hash": "",
  "event_root_hash": "",
  "state_checkpoint_hash": null,
  "gas_used": "3",
  "success": false,
  "vm_status": "LINKER_ERROR",
  "accumulator_root_hash": "",
  "changes": [
    {
      "address": "0xb26af11b4f332a7794398554b6313a38c6a102c74c5ba9a12629ae3a492acb2f",
      "state_key_hash": "",
      "data": {
        "type": "0x1::fungible_asset::FungibleStore",
        "data": {
          "balance": "18446744073709551615",
          "frozen": false,
          "metadata": {
            "inner": "0xa"
          }
        }
      },
      "type": "write_resource"
    },
    {
      "address": "0xb26af11b4f332a7794398554b6313a38c6a102c74c5ba9a12629ae3a492acb2f",
      "state_key_hash": "",
      "data": {
        "type": "0x1::lite_account::Account",
        "data": {
          "sequence_number": "1"
        }
      },
      "type": "write_resource"
    },
    {
      "address": "0xb26af11b4f332a7794398554b6313a38c6a102c74c5ba9a12629ae3a492acb2f",
      "state_key_hash": "",
      "data": {
        "type": "0x1::lite_account::NativeAuthenticator",
        "data": {
          "auth_key": {
            "vec": [
              "0xcef8ffd1ab9017e96132df8a56b22de39a8155e1c3fc32affbbf93eb624b532a"
            ]
          }
        }
      },
      "type": "write_resource"
    },
    {
      "address": "0xb26af11b4f332a7794398554b6313a38c6a102c74c5ba9a12629ae3a492acb2f",
      "state_key_hash": "",
      "data": {
        "type": "0x1::object::ObjectCore",
        "data": {
          "allow_ungated_transfer": false,
          "guid_creation_num": "1125899906842625",
          "owner": "0xa550c18",
          "transfer_events": {
            "counter": "0",
            "guid": {
              "id": {
                "addr": "0xb26af11b4f332a7794398554b6313a38c6a102c74c5ba9a12629ae3a492acb2f",
                "creation_num": "1125899906842624"
              }
            }
          }
        }
      },
      "type": "write_resource"
    }
  ],
  "sender": "0xa550c18",
  "sequence_number": "0",
  "max_gas_amount": "100000000",
  "gas_unit_price": "0",
  "expiration_timestamp_secs": "18446744073709551615",
  "payload": {
    "function": "0x1::Coin::transfer",
    "type_arguments": [
      "0x1::aptos_coin::AptosCoin"
    ],
    "arguments": [
      "0x00000000000000000000000000000000000000000000000000000000000000dd",
      "0x01"
    ],
    "type": "entry_function_payload"
  },
  "signature": {
    "public_key": "0x14418f867a0bd6d42abb2daa50cd68a5a869ce208282481f57504f630510d0d3",
    "signature": "0x20e1f74f12aa955275a9d1a63190065d77e1903cc53b0116b704b3ace98fd7a57d303738799840523688cdaaad74ee0c73b6bee53517e4dcd6e7589296711108",
    "type": "ed25519_signature"
  },
  "events": [
    {
      "guid": {
        "creation_number": "0",
        "account_address": "0x0"
      },
      "sequence_number": "0",
      "type": "0x1::transaction_fee::FeeStatement",
      "data": {
        "execution_gas_units": "3",
        "io_gas_units": "0",
        "storage_fee_octas": "0",
        "storage_fee_refund_octas": "0",
        "total_charge_gas_units": "3"
      }
    }
  ],
  "timestamp": "500000",
  "type": "user_transaction"
}
