{
  "message": "Failed to simulate a transaction: status ARITHMETIC_ERROR of type Execution with message Division by zero",
  "error_code": "internal_error",
  "vm_error_code": null
}
