{
  "hash": "",
  "sender": "0xa550c18",
  "sequence_number": "0",
  "max_gas_amount": "2000000",
  "gas_unit_price": "100",
  "expiration_timestamp_secs": "18446744073709551615",
  "payload": {
    "function": "0x1::aptos_account::create_account",
    "type_arguments": [],
    "arguments": [
      "0x34bf7e2d17674feb234371a7ea58efd715f0e56ba20ebf13789480d9d643afaf"
    ],
    "type": "entry_function_payload"
  },
  "signature": {
    "public_key": "0x14418f867a0bd6d42abb2daa50cd68a5a869ce208282481f57504f630510d0d3",
    "signature": "0x7b95ac72f1a23bb2e28cf057753765c5f5276ca7f58304b737b26d0c32acb348a02288f6beddc29e2ca9fe7f355f905a90d12d91c3b8c24bc23112002deb2603",
    "type": "ed25519_signature"
  }
}
