[
  {
    "type": "block_metadata_transaction",
    "version": "15",
    "hash": "0xab4b8030c0f02abde2a88a278e7e8306c96e2d63bdb9bdb397127c2d6ff124a3",
    "state_root_hash": "0xb6b482c40346a93744e9bebccadaf9aa6279319518883b60fa5c888076f6a597",
    "event_root_hash": "0xfc0f9408425e820476668a895d8f224289bdb47f9ae81ea453cbf73d9d38d9dc",
    "gas_used": "0",
    "success": true,
    "vm_status": "Executed successfully",
    "accumulator_root_hash": "0xd053b02493cc5e8d249c9562e4e222fd9ff5cbfbd004b941183ad26bccb643ce",
    "id": "0x4a876b463d1297603568c40e814d9d5396d23087a0fd641e91e0e00df6c012cd",
    "round": "1",
    "previous_block_votes": [],
    "proposer": "0xf85fd00e30cd388d2609db24d6cc44f2652f27413456938eaa059f65231647cc",
    "timestamp": "8"
  },
  {
    "type": "user_transaction",
    "version": "16",
    "hash": "0xc3dae6e955c61a4ea363fa1199a9143637f425a4d576052ec4cd387ba0a3a570",
    "state_root_hash": "0xeba37bfccd8875a1295fa9fb8f3722e64feb3c925c56a631ed6586cc27c5da00",
    "event_root_hash": "0x414343554d554c41544f525f504c414345484f4c4445525f4841534800000000",
    "gas_used": "706",
    "success": true,
    "vm_status": "Executed successfully",
    "accumulator_root_hash": "0x66e5c9487209cc49bd9090c0f8bd4bfc11fff6da5b9ad375db0ab6c0219332f6",
    "sender": "0xa550c18",
    "sequence_number": "7",
    "max_gas_amount": "1000",
    "gas_unit_price": "0",
    "gas_currency_code": "XUS",
    "expiration_timestamp_secs": "18446744073709551615",
    "payload": {
      "type": "script_function_payload",
      "function": "0x1::AptosAccount::create_account",
      "type_arguments": [],
      "arguments": [
        "0x9e4c52c179a8a4cf9189a8ba861693be8547d921c8b210ec95e9a8c29ce83623",
        "0xfe1cab73ed03ccbb39ff2fe7763584f8e713918c55a91eb96590b1560bd61cd200"
      ]
    },
    "signature": {
      "type": "ed25519_signature",
      "public_key": "0xb9c6ee1630ef3e711144a648db06bbb2284f7274cfbee53ffcee503cc1a49200",
      "signature": "0xa8ae95e800c4f22b8fdad09ce0315c991c398a52765eadea06f0e254691a350f850abcadc42e7e65b518548a6f24cf2a20be8a8fef6c4a5e077619b1339e4f0f"
    },
    "events": [],
    "timestamp": "8"
  },
  {
    "type": "block_metadata_transaction",
    "version": "17",
    "hash": "0xff76c3e356955265af1d3ba30315df5a21b41ae06dc08012062e12f96b259b2c",
    "state_root_hash": "0xa49f8a7de9654e1f34b537d07dd127385994f45e44765d3cec931caa55866fad",
    "event_root_hash": "0xa6a9b44eb5c9a225afd2d745cccbcf07c5acb9e9bfa7b4c9d88ffa39a4c3f117",
    "gas_used": "0",
    "success": true,
    "vm_status": "Executed successfully",
    "accumulator_root_hash": "0x21df5f146d6156574d9f17277f31f210920872f359b38bfa5a7cbb8f5e0ef061",
    "id": "0x464b5ca6488b897c005b2e17f00fc0bc8e7ed3f2ab59d607b0e3586bda1cda4e",
    "round": "1",
    "previous_block_votes": [],
    "proposer": "0xf85fd00e30cd388d2609db24d6cc44f2652f27413456938eaa059f65231647cc",
    "timestamp": "9"
  },
  {
    "type": "user_transaction",
    "version": "18",
    "hash": "0x74e87200daca9d3668965b19461e29b268a641d5bf9038da9789df37d02d8a93",
    "state_root_hash": "0x567adb0661d7c283e5a4dc3a00cef90b0b378442572ce6fa0556e440d4ee5df1",
    "event_root_hash": "0x414343554d554c41544f525f504c414345484f4c4445525f4841534800000000",
    "gas_used": "706",
    "success": true,
    "vm_status": "Executed successfully",
    "accumulator_root_hash": "0x722dd8fedc20a3dc83496039dda902aed86b1d4b431173399a07fae0233a4567",
    "sender": "0xa550c18",
    "sequence_number": "8",
    "max_gas_amount": "1000",
    "gas_unit_price": "0",
    "gas_currency_code": "XUS",
    "expiration_timestamp_secs": "18446744073709551615",
    "payload": {
      "type": "script_function_payload",
      "function": "0x1::AptosAccount::create_account",
      "type_arguments": [],
      "arguments": [
        "0x59c02dfad19271ecb71d6ef1095d174cfcd641696135b76cd1cbf28f79e134c",
        "0xcc94f7e7e252620621a3d528d2e2dd39ec89bccac07c0b6044c77fb53fcbe58200"
      ]
    },
    "signature": {
      "type": "ed25519_signature",
      "public_key": "0xb9c6ee1630ef3e711144a648db06bbb2284f7274cfbee53ffcee503cc1a49200",
      "signature": "0xc46ec994213a8e1746d91beebcaa2de0cb713d3eb3d3456f00523c704652d060433ce78b7fc1f91ff57757fe51ae9f5a59f83910f34090a025f61e4c04e79907"
    },
    "events": [],
    "timestamp": "9"
  },
  {
    "type": "block_metadata_transaction",
    "version": "19",
    "hash": "0xc7f0b608aeabd6d96828cb0ef04a2b598ca2bc3ac8e644cf6ef799021494c9b0",
    "state_root_hash": "0x93c930b27d72b6f12654e34eba008b611b2bc1a505405504037406b7098e4075",
    "event_root_hash": "0x496e79b2a294b6c0eb9a2b0e4827a2f0c0c559074ce5dfbf4e4462f08d12dfc8",
    "gas_used": "0",
    "success": true,
    "vm_status": "Executed successfully",
    "accumulator_root_hash": "0x1779f7c78b3a415d3afa031332a6d011a7842225bdbec01e2896cc2288586905",
    "id": "0x19d258b113d8e3e12bca2aa612b304ece5b25988818dd7234e049913233eb918",
    "round": "1",
    "previous_block_votes": [],
    "proposer": "0xf85fd00e30cd388d2609db24d6cc44f2652f27413456938eaa059f65231647cc",
    "timestamp": "10"
  },
  {
    "type": "user_transaction",
    "version": "20",
    "hash": "0x6773502a76a4666721212a3e70ddbbb929c585364646b62369263fe83d0b282f",
    "state_root_hash": "0x040d30de1578e85748a6d33e5270c47857421dc012091870a53d35ffe6f6b9b1",
    "event_root_hash": "0x414343554d554c41544f525f504c414345484f4c4445525f4841534800000000",
    "gas_used": "706",
    "success": true,
    "vm_status": "Executed successfully",
    "accumulator_root_hash": "0xb6d16b42092a02229c06ddbee787540db620badc3709b5d84d1b2e0ec9f58512",
    "sender": "0xa550c18",
    "sequence_number": "9",
    "max_gas_amount": "1000",
    "gas_unit_price": "0",
    "gas_currency_code": "XUS",
    "expiration_timestamp_secs": "18446744073709551615",
    "payload": {
      "type": "script_function_payload",
      "function": "0x1::AptosAccount::create_account",
      "type_arguments": [],
      "arguments": [
        "0xd1fdd7f5e3329151d0c0f2cf8d2e7041d5c6bedea6f4cafe97677ac6e39d7333",
        "0xcdc0e9ef90da94053246561659802a50c17bae7a60c4069af35f061e19f3e2b800"
      ]
    },
    "signature": {
      "type": "ed25519_signature",
      "public_key": "0xb9c6ee1630ef3e711144a648db06bbb2284f7274cfbee53ffcee503cc1a49200",
      "signature": "0x44d8afbf7a7d221e6ae9d346616094c73a7e021fafe80751904dc6bacbc1f2dfe201e0b2cb7883b39850eb460dcb38c72a21db7388d55193bf4c098787268a0c"
    },
    "events": [],
    "timestamp": "10"
  },
  {
    "type": "block_metadata_transaction",
    "version": "21",
    "hash": "0x87595e096f8f40bcc5b304449d1a746fe849a097b2894dcf08da17fbe2add83c",
    "state_root_hash": "0xd5b65a4aaf86c7e45e32396f1a317e081efabf6d8b44c4f4099cd38891e4e9d9",
    "event_root_hash": "0x32505461d562923642b8f4144f32e3e73955e76f0f2a969e1c4749246664ee81",
    "gas_used": "0",
    "success": true,
    "vm_status": "Executed successfully",
    "accumulator_root_hash": "0x1f7672ebc0d1845a319c640eb555e5487bdc79e9384b93c85a1737fd1817e98f",
    "id": "0xb99003d30a245ac74a02e26e45cb80ee1b9c00a93345ce5f12bea9ffe04748d6",
    "round": "1",
    "previous_block_votes": [],
    "proposer": "0xf85fd00e30cd388d2609db24d6cc44f2652f27413456938eaa059f65231647cc",
    "timestamp": "11"
  },
  {
    "type": "user_transaction",
    "version": "22",
    "hash": "0x6539c7261de9bda93a2548872e491cb85bf8efc64927ee1ee6435b09447d534c",
    "state_root_hash": "0x88ef076e4a6c753fd706532f0812023b48ce774612221e719888fd34ddc6eaac",
    "event_root_hash": "0x414343554d554c41544f525f504c414345484f4c4445525f4841534800000000",
    "gas_used": "706",
    "success": true,
    "vm_status": "Executed successfully",
    "accumulator_root_hash": "0xd6f45d369823395e5a024cf719dfbc4f7d0e4cf10f656b59c20e84e66d50f8da",
    "sender": "0xa550c18",
    "sequence_number": "10",
    "max_gas_amount": "1000",
    "gas_unit_price": "0",
    "gas_currency_code": "XUS",
    "expiration_timestamp_secs": "18446744073709551615",
    "payload": {
      "type": "script_function_payload",
      "function": "0x1::AptosAccount::create_account",
      "type_arguments": [],
      "arguments": [
        "0x629ec1c7de426633839c3f68e4ea92581232c8cbdd579ba57478b26e5876da5f",
        "0x29efcd781cecc53312e7bfd8b14341eac68b2e3041f6ab8e5ad36766dd44b02000"
      ]
    },
    "signature": {
      "type": "ed25519_signature",
      "public_key": "0xb9c6ee1630ef3e711144a648db06bbb2284f7274cfbee53ffcee503cc1a49200",
      "signature": "0x93804046e707c6c1bdc8a64d308f4db91ab4c39f958f1e859b48ef3e40cb5928719f08ae9b1f6fd77ef8c8a0ed3854c28dbd477e26e419c9e3bec2944833760b"
    },
    "events": [],
    "timestamp": "11"
  },
  {
    "type": "block_metadata_transaction",
    "version": "23",
    "hash": "0x9bed1b067e0c22ac849b46bbf5c73cbd59ecd769cf8d9c10632f4226b9b5cc23",
    "state_root_hash": "0x8bf2ec4a6bdd27b3050a94eaf966c63e9e1ef656209a9694c3329d1cbcc36a05",
    "event_root_hash": "0xb473990da4cec260bef238d5fa0ae94273985146231517965ee00a0d8e543489",
    "gas_used": "0",
    "success": true,
    "vm_status": "Executed successfully",
    "accumulator_root_hash": "0x45d7926aa289ea96d12bd019bf417fa336e4e7d7078a72cb79e0a99426c3b22b",
    "id": "0xea95b8f9082c10620c0d6e3fc9596b4538d0dc24bec371bb3e4634561f8892e6",
    "round": "1",
    "previous_block_votes": [],
    "proposer": "0xf85fd00e30cd388d2609db24d6cc44f2652f27413456938eaa059f65231647cc",
    "timestamp": "12"
  },
  {
    "type": "user_transaction",
    "version": "24",
    "hash": "0xae004b9dd9f0ff5ecca1a1fee10c4fd5fa1063a2b25941b7263f39b4ee136307",
    "state_root_hash": "0x2112d17f656a5bccf4e89a8d6011305ee2f83cfa9bbbf40b627ace59b0f60a8c",
    "event_root_hash": "0x414343554d554c41544f525f504c414345484f4c4445525f4841534800000000",
    "gas_used": "706",
    "success": true,
    "vm_status": "Executed successfully",
    "accumulator_root_hash": "0xc63ccddba8dda928c6517418601005b609f172388c75d9d3ad4bf98b0ab14095",
    "sender": "0xa550c18",
    "sequence_number": "11",
    "max_gas_amount": "1000",
    "gas_unit_price": "0",
    "gas_currency_code": "XUS",
    "expiration_timestamp_secs": "18446744073709551615",
    "payload": {
      "type": "script_function_payload",
      "function": "0x1::AptosAccount::create_account",
      "type_arguments": [],
      "arguments": [
        "0x71f9cc8709deb65a1d8019f02735da21bfd43be9f8c75bbdca45560958bc65a9",
        "0x3a61e2bd269af39e423b1db47ee68460b30f95dd622bc8db3ffaa0100ab79c9b00"
      ]
    },
    "signature": {
      "type": "ed25519_signature",
      "public_key": "0xb9c6ee1630ef3e711144a648db06bbb2284f7274cfbee53ffcee503cc1a49200",
      "signature": "0x00a5a5b94ce828e5dab9928f5a960b107917a221067978ac6021f250126c9cc67eb48b9fd32d96585e502431eb916f60013a11f1d4e067327a979fab7b147c0b"
    },
    "events": [],
    "timestamp": "12"
  },
  {
    "type": "block_metadata_transaction",
    "version": "25",
    "hash": "0x0b7764d54ad6dd6490a482a7997a598a5257024017993eafcd936a95c0efdb80",
    "state_root_hash": "0xddbad6410081b80281f0d22f9b24d1920966cfedb8a7620035e14c3e7b95d5a7",
    "event_root_hash": "0x8e252e4998b08918e04f49d8c009144fc995a000a923667efc111157916c565c",
    "gas_used": "0",
    "success": true,
    "vm_status": "Executed successfully",
    "accumulator_root_hash": "0xc1b695064e8ef995081a0b667c8387befe144df574cd768e479f16b77b66cc10",
    "id": "0xa229ec3dd885442b44972526c4e8ce25a0416c3955d818bb1ab0e832877d6282",
    "round": "1",
    "previous_block_votes": [],
    "proposer": "0xf85fd00e30cd388d2609db24d6cc44f2652f27413456938eaa059f65231647cc",
    "timestamp": "13"
  },
  {
    "type": "user_transaction",
    "version": "26",
    "hash": "0x532dbe77b02eb8fc60e63df9529757e9e230d77f806c8440395b11fa0dcf864f",
    "state_root_hash": "0x1e14cb1a86f757315696d280dbb3342908d2975b776cc970a66ff609850481b2",
    "event_root_hash": "0x414343554d554c41544f525f504c414345484f4c4445525f4841534800000000",
    "gas_used": "706",
    "success": true,
    "vm_status": "Executed successfully",
    "accumulator_root_hash": "0x6a01b2c2ca4ad72aa336a0208317aa48c4abc892545a2deadca14ef36d4871cb",
    "sender": "0xa550c18",
    "sequence_number": "12",
    "max_gas_amount": "1000",
    "gas_unit_price": "0",
    "gas_currency_code": "XUS",
    "expiration_timestamp_secs": "18446744073709551615",
    "payload": {
      "type": "script_function_payload",
      "function": "0x1::AptosAccount::create_account",
      "type_arguments": [],
      "arguments": [
        "0x811a29fed994d121a6d1a8d422a73ddfaa9cef6cf313477409c6ca6462bdbec",
        "0x899534e95e09903759622fa4013a7daaa97d52b49e6205ae583f6321c8487a8300"
      ]
    },
    "signature": {
      "type": "ed25519_signature",
      "public_key": "0xb9c6ee1630ef3e711144a648db06bbb2284f7274cfbee53ffcee503cc1a49200",
      "signature": "0x0e76646d4b8eb5bdab6d109a608283b743fff6b7c6cb4988d8a682526e37bccaa80341d661e2b449cb52181d68c59fdef4820ed6a60b85b1543936eae925ac0e"
    },
    "events": [],
    "timestamp": "13"
  },
  {
    "type": "block_metadata_transaction",
    "version": "27",
    "hash": "0xacb5e69631257947d0bdb5453e02de7f760e27c7432f53e41950a959f73f3cc1",
    "state_root_hash": "0x342bcd1732651db0e5b2e5f899eb7f4f983771a4dc6496df1fc59740050b8400",
    "event_root_hash": "0x0705a795230d060400e635f254aea3c6325d1abebc2f9a5e4554356ccf67ecee",
    "gas_used": "0",
    "success": true,
    "vm_status": "Executed successfully",
    "accumulator_root_hash": "0x02c70d4aa8d51a0d1eeefdd8178490c2bbb40f0a37d91b9e60bd384e80e37969",
    "id": "0x80ec4f332f4d1a6742c537f2bb32473b01b1dcb1caac942722a4787bb185e479",
    "round": "1",
    "previous_block_votes": [],
    "proposer": "0xf85fd00e30cd388d2609db24d6cc44f2652f27413456938eaa059f65231647cc",
    "timestamp": "14"
  },
  {
    "type": "user_transaction",
    "version": "28",
    "hash": "0xd6afdf53f9d1808f83c19c7256d2ff7d5f7eb87a870a6cf5402933850dda4649",
    "state_root_hash": "0xf6f4a45d1c1467b8f3d274643a8a89f671ec7b076c4ef65d4219fec422ed08fb",
    "event_root_hash": "0x414343554d554c41544f525f504c414345484f4c4445525f4841534800000000",
    "gas_used": "706",
    "success": true,
    "vm_status": "Executed successfully",
    "accumulator_root_hash": "0xa44d7b7128e23436332bd504745f90461f481aaf97e132cb3e79314bf5f21ac6",
    "sender": "0xa550c18",
    "sequence_number": "13",
    "max_gas_amount": "1000",
    "gas_unit_price": "0",
    "gas_currency_code": "XUS",
    "expiration_timestamp_secs": "18446744073709551615",
    "payload": {
      "type": "script_function_payload",
      "function": "0x1::AptosAccount::create_account",
      "type_arguments": [],
      "arguments": [
        "0x2466e5bfe75e3531bf24c8aa25074f165b997e19c80a36a9eccea767b263f2a4",
        "0x817e8d554950eed55a5f8006abb83777b3811df50e59a39ec3a16fad30158e6600"
      ]
    },
    "signature": {
      "type": "ed25519_signature",
      "public_key": "0xb9c6ee1630ef3e711144a648db06bbb2284f7274cfbee53ffcee503cc1a49200",
      "signature": "0xaaab50b702d98ee70e79150a9f9e2b7c6ccbc1b8d16a44f6b3b7bd614478c1e52804755753e830bc38a17235367490d987dc7ddc9873537542f178d46c32750c"
    },
    "events": [],
    "timestamp": "14"
  },
  {
    "type": "block_metadata_transaction",
    "version": "29",
    "hash": "0xcd0ef18ec2388d7e92564fb7d68b5c3c1bb21cf5c52ea27b19b40ee78c561c94",
    "state_root_hash": "0x19f01a08db0da08fbe0a40a121247a54db21fdf1e433092eb4350b0d87857f1f",
    "event_root_hash": "0xe983a92b7c4b5440b045e59d64cff9044536782ab5b6c6089e1cfe05ffb50218",
    "gas_used": "0",
    "success": true,
    "vm_status": "Executed successfully",
    "accumulator_root_hash": "0x4cc3fa4fbc4f204ccc450f0e59b5464eb860551cc714ce666afb9628a304ce01",
    "id": "0x842f736ab973e87f53b4857842789a1dd59167629b3c5cabe47dbf48827ec081",
    "round": "1",
    "previous_block_votes": [],
    "proposer": "0xf85fd00e30cd388d2609db24d6cc44f2652f27413456938eaa059f65231647cc",
    "timestamp": "15"
  },
  {
    "type": "user_transaction",
    "version": "30",
    "hash": "0xe2f7ca516a0c4d32dbe0a993d3202519a0fd6e615db122fc64457ab51a41cc03",
    "state_root_hash": "0xf5b69142d924929a91412e011ef2f7744066c6a649ed414afeb81d6cc0e929e0",
    "event_root_hash": "0x414343554d554c41544f525f504c414345484f4c4445525f4841534800000000",
    "gas_used": "706",
    "success": true,
    "vm_status": "Executed successfully",
    "accumulator_root_hash": "0x151ed064fa8646889e46b58e9f0b2c446a144483f3d4a7e88c7d0b42f15b5247",
    "sender": "0xa550c18",
    "sequence_number": "14",
    "max_gas_amount": "1000",
    "gas_unit_price": "0",
    "gas_currency_code": "XUS",
    "expiration_timestamp_secs": "18446744073709551615",
    "payload": {
      "type": "script_function_payload",
      "function": "0x1::AptosAccount::create_account",
      "type_arguments": [],
      "arguments": [
        "0xe6729b2cdb9dd280cefaa1121c496e82e94a75bf429a1e83bc2f5f605780c345",
        "0xf87e6ecf5be8befde61d985237a748eea73b5ea001a8d7f22fdc9f6486a83e3a00"
      ]
    },
    "signature": {
      "type": "ed25519_signature",
      "public_key": "0xb9c6ee1630ef3e711144a648db06bbb2284f7274cfbee53ffcee503cc1a49200",
      "signature": "0x7cfc91ab5897add895a0db8c1cc9c63d28cad043fe6f8fd238dca9d1a214ed2d0f46c0529be67c02095df49fef76f4020ae90d32608276eb6af0075fd7eaee0e"
    },
    "events": [],
    "timestamp": "15"
  },
  {
    "type": "block_metadata_transaction",
    "version": "31",
    "hash": "0xe7c21dbd27d48c1c39e2b0e232e7ae5c92dbed02adc5dd45f8f4afa3759198d4",
    "state_root_hash": "0xe0830d84c2b985f4be9051d3012c81c7035310b2038a017e2f1ca3774a841ce6",
    "event_root_hash": "0x65d9c64fc0037bcbc4d77763204f191e92635cc864e3da1ab60b9665368c9371",
    "gas_used": "0",
    "success": true,
    "vm_status": "Executed successfully",
    "accumulator_root_hash": "0x6f24611fa9c8a159ca9a016660fffea773d679673502717fa2b6b13ac59fd60d",
    "id": "0x3beda43d6e9f9b1b1bc44cdfce3574e7f7f0b2de2323a06ebc356bad614726b3",
    "round": "1",
    "previous_block_votes": [],
    "proposer": "0xf85fd00e30cd388d2609db24d6cc44f2652f27413456938eaa059f65231647cc",
    "timestamp": "16"
  },
  {
    "type": "user_transaction",
    "version": "32",
    "hash": "0x0defc435a9123aa44d999f3c9a1e129d7ce3b1b31796aa8e220a6f5f6b4e5c36",
    "state_root_hash": "0x4d699904894f0ddcf114fb4c19a9d5c07b313c14041f2a45a6baa2d515c155d9",
    "event_root_hash": "0x414343554d554c41544f525f504c414345484f4c4445525f4841534800000000",
    "gas_used": "706",
    "success": true,
    "vm_status": "Executed successfully",
    "accumulator_root_hash": "0xe43b9e545819e315c95a2c03b922ebd870aca0d6be56efafa938b8b5a8137ccd",
    "sender": "0xa550c18",
    "sequence_number": "15",
    "max_gas_amount": "1000",
    "gas_unit_price": "0",
    "gas_currency_code": "XUS",
    "expiration_timestamp_secs": "18446744073709551615",
    "payload": {
      "type": "script_function_payload",
      "function": "0x1::AptosAccount::create_account",
      "type_arguments": [],
      "arguments": [
        "0xbc8b6a81cd04f4de0119ff7ab7ec5eb28797e5ab659071fc7f4ed8285963fbbc",
        "0xb7846b6adb66fd34aba8733746ec605adfc8f9e2abe66482619f6a9699b6152b00"
      ]
    },
    "signature": {
      "type": "ed25519_signature",
      "public_key": "0xb9c6ee1630ef3e711144a648db06bbb2284f7274cfbee53ffcee503cc1a49200",
      "signature": "0x14ca09c858193a69172a628c7352878b9b6681d98a4998a52f8d24d4427822eaf0f89cc35e0895294faa40b644c8cdebe388889a1d47c771466021fcacc3c702"
    },
    "events": [],
    "timestamp": "16"
  },
  {
    "type": "block_metadata_transaction",
    "version": "33",
    "hash": "0x024ded6930a59f0bab79f57ad6b7d21ca11b47ffbf85736ff221c255669202d4",
    "state_root_hash": "0xd82da512206e29c1fc6995790771156f827067591fabc1ddb99ae1ecd8898009",
    "event_root_hash": "0x20747e0a553e9e055902d419f76f38004ba4d751fbe959c32c1ff6c4a982d578",
    "gas_used": "0",
    "success": true,
    "vm_status": "Executed successfully",
    "accumulator_root_hash": "0x7f75d47baa6b68e5f4a656438fe3d8659d73d3fb9f72f10fe0211fc827dc390e",
    "id": "0x755687120a7c6df2389c373c8fbe06bda7a61120652668dd5687fee73fac7a2c",
    "round": "1",
    "previous_block_votes": [],
    "proposer": "0xf85fd00e30cd388d2609db24d6cc44f2652f27413456938eaa059f65231647cc",
    "timestamp": "17"
  },
  {
    "type": "user_transaction",
    "version": "34",
    "hash": "0x93bc037d85b3a74c547e2260fa7b3de9c7f1ce72b35d0336aa661a09db579471",
    "state_root_hash": "0xbadefa14b43015adf068d26fb1470a30c39eee7b10c8d6f04d8b167e937c8bdd",
    "event_root_hash": "0x414343554d554c41544f525f504c414345484f4c4445525f4841534800000000",
    "gas_used": "706",
    "success": true,
    "vm_status": "Executed successfully",
    "accumulator_root_hash": "0x2d6566b70401a74e83890a3e3632b7cf1c82c9146477cb051fc6ca770dcd3691",
    "sender": "0xa550c18",
    "sequence_number": "16",
    "max_gas_amount": "1000",
    "gas_unit_price": "0",
    "gas_currency_code": "XUS",
    "expiration_timestamp_secs": "18446744073709551615",
    "payload": {
      "type": "script_function_payload",
      "function": "0x1::AptosAccount::create_account",
      "type_arguments": [],
      "arguments": [
        "0x3a005a7fa8e1c2fdab97247be839d548711d07e26b682d3f8b6bb9f6fa804332",
        "0xd1018fc096da5fe0f58b1758ec1a72f226fd6ab70158554816cd4bb62f2610d000"
      ]
    },
    "signature": {
      "type": "ed25519_signature",
      "public_key": "0xb9c6ee1630ef3e711144a648db06bbb2284f7274cfbee53ffcee503cc1a49200",
      "signature": "0xbe08865ebddf1dba4d2f4c75ebfcada00bd166d2bd9267b7a73267af5fc0db01b6499454c80236c66cac91b67f6ecdb1a962e2c5adbed727ab6b2ac966a2b30b"
    },
    "events": [],
    "timestamp": "17"
  },
  {
    "type": "block_metadata_transaction",
    "version": "35",
    "hash": "0xa7507dd24e0c31f630087d85c5ffdb72e4352ab70020ae31044d6be77ea72a13",
    "state_root_hash": "0xd82b6db7677a6052c222c82a38286933641bb9cb7e52ce8881a4fd9fc4e1c8e1",
    "event_root_hash": "0x239c9fd4aed1dc852e6bd817282c845600d5f578ab140a267d50ffb5d365bf7a",
    "gas_used": "0",
    "success": true,
    "vm_status": "Executed successfully",
    "accumulator_root_hash": "0xf0bb58fe9066b8bc519f61008f7e2184ea39a245b0d0b92700aa64240f465fde",
    "id": "0x430d191fbc937d42f74104aa291871f4b9d120f76583a1da5d1123f2b8a0ac60",
    "round": "1",
    "previous_block_votes": [],
    "proposer": "0xf85fd00e30cd388d2609db24d6cc44f2652f27413456938eaa059f65231647cc",
    "timestamp": "18"
  },
  {
    "type": "user_transaction",
    "version": "36",
    "hash": "0x11c65cbe6c1aa31d19109a22b37be0fc67c11dd0c62de31c370817d359e6bf64",
    "state_root_hash": "0x19067a0f580f56b64329e974d3848abeb197bcbe934fc3fcc6646fde1204db9a",
    "event_root_hash": "0x414343554d554c41544f525f504c414345484f4c4445525f4841534800000000",
    "gas_used": "706",
    "success": true,
    "vm_status": "Executed successfully",
    "accumulator_root_hash": "0x0e64791b61fb9f4a57d749f5bfd28d7020847e6ecde90837c00f9fc3300d06ca",
    "sender": "0xa550c18",
    "sequence_number": "17",
    "max_gas_amount": "1000",
    "gas_unit_price": "0",
    "gas_currency_code": "XUS",
    "expiration_timestamp_secs": "18446744073709551615",
    "payload": {
      "type": "script_function_payload",
      "function": "0x1::AptosAccount::create_account",
      "type_arguments": [],
      "arguments": [
        "0x73cb8245b462c25d2c0792576c83f26a66456c6c26ed271769be71ec85920331",
        "0x9c9827b0f7be2e218b24c7a5d57bf168341a3af5e7ac388c53e56aaf27920b7400"
      ]
    },
    "signature": {
      "type": "ed25519_signature",
      "public_key": "0xb9c6ee1630ef3e711144a648db06bbb2284f7274cfbee53ffcee503cc1a49200",
      "signature": "0x0db16eec71313a5f9a54233ffe6d7909f82e67229daabfc67d37c217bb458e30c561b67118e779ac8137fbe615410db2ca8deb3d54f6ea953cfced1420afff06"
    },
    "events": [],
    "timestamp": "18"
  },
  {
    "type": "block_metadata_transaction",
    "version": "37",
    "hash": "0x12a953e6b6bcd5bac5cf670f018ec1a1f4b918a3e8a6c7398fdf3f935dae6b48",
    "state_root_hash": "0x82d82fc73c22b283b4155adc712e404718750a6f3f105d79aa27f1157e9002b7",
    "event_root_hash": "0x0fb2cd74861c38ca95112f194e496f084333fb444284b1005e7eb9ed061c0ecb",
    "gas_used": "0",
    "success": true,
    "vm_status": "Executed successfully",
    "accumulator_root_hash": "0x35153645514fa184a0e9a30b2ce946bef92a169bae7c59c3ee3cebd0495fc359",
    "id": "0x2af5203112331adc2ed6f402dca396bfe6dfa3ac8a57ea08860870fd515cf7ca",
    "round": "1",
    "previous_block_votes": [],
    "proposer": "0xf85fd00e30cd388d2609db24d6cc44f2652f27413456938eaa059f65231647cc",
    "timestamp": "19"
  },
  {
    "type": "user_transaction",
    "version": "38",
    "hash": "0x7ed6fc7705d9c89ba3962cb7a19f9d62bd5400b5a4a89d0aabefa8333b528ff5",
    "state_root_hash": "0x8fd5323fcba040160a37f3d2208263878dce9172195694e8495c335725148fa1",
    "event_root_hash": "0x414343554d554c41544f525f504c414345484f4c4445525f4841534800000000",
    "gas_used": "706",
    "success": true,
    "vm_status": "Executed successfully",
    "accumulator_root_hash": "0x1c4c4f350bae87ec304c6c3224624b44f4f8ae44262d2ca0060cc5cbda08b19d",
    "sender": "0xa550c18",
    "sequence_number": "18",
    "max_gas_amount": "1000",
    "gas_unit_price": "0",
    "gas_currency_code": "XUS",
    "expiration_timestamp_secs": "18446744073709551615",
    "payload": {
      "type": "script_function_payload",
      "function": "0x1::AptosAccount::create_account",
      "type_arguments": [],
      "arguments": [
        "0xb8e26002ab0e7a0849cb7c9618faa67dbd7c2167f944102d2dd80ab33f8491b2",
        "0xfb5f4f73cc982308deb015312469a59aaeda43d1f41f988effa09df3050a6d1e00"
      ]
    },
    "signature": {
      "type": "ed25519_signature",
      "public_key": "0xb9c6ee1630ef3e711144a648db06bbb2284f7274cfbee53ffcee503cc1a49200",
      "signature": "0xc8bc508a3a4c9ac649e1e6325abf408ec0b3727a28281b682947463769b41a6f5107bac4dfead4c58a147a4cc9a941001d951515dfda4e28d1799507ef64810a"
    },
    "events": [],
    "timestamp": "19"
  },
  {
    "type": "block_metadata_transaction",
    "version": "39",
    "hash": "0x2b9f44dbdcf4cb278e5e49d6981385801f6cbcfd0e5b6854537094b04f4f95f5",
    "state_root_hash": "0x57df63e7e811c288178728f67ecbcf3695892bd650e283d0e41d60d9bc51c856",
    "event_root_hash": "0xa478d3f1b71522bd300aeff7b6d0838796c8b5d21226303ae99d4ada6981e19e",
    "gas_used": "0",
    "success": true,
    "vm_status": "Executed successfully",
    "accumulator_root_hash": "0xa13e6c925f2eca016166a5dca4589bcc3297f2792b9ac58cc3b48fa68df0b0a4",
    "id": "0xe451cd3c364076623c0231898be0722c08e4eb229c44cb957d29cf7370af8a1b",
    "round": "1",
    "previous_block_votes": [],
    "proposer": "0xf85fd00e30cd388d2609db24d6cc44f2652f27413456938eaa059f65231647cc",
    "timestamp": "20"
  }
]
