[
  {
    "type": "block_metadata_transaction",
    "version": "1",
    "hash": "0xa8fc186c28fc0f95b8233651438093e8e215a51dcd16475f5e68c0a421f6305c",
    "state_root_hash": "0xe6d9617ab5c772b6aae53cf4c7e3b5592fc044aa4546f0dd3e7b077023780693",
    "event_root_hash": "0xd62c85b93234824cf825e9c028c3bcc59b06926039721bd7edd76b56ae9fcecf",
    "gas_used": "0",
    "success": true,
    "vm_status": "Executed successfully",
    "accumulator_root_hash": "0x59c256ee5990a736a5e2aac98658f6e1baa708b643d2b48e618e68b68ea54ef0",
    "changes": [
      {
        "type": "write_resource",
        "address": "0xa550c18",
        "state_key_hash": "0x220a03e13099533097731c551fe037bbf404dcf765fe4df8743022a298650e6e",
        "data": {
          "type": "0x1::Block::BlockMetadata",
          "data": {
            "epoch_internal": "86400000000",
            "height": "1",
            "new_block_events": {
              "counter": "1",
              "guid": {
                "guid": {
                  "id": {
                    "addr": "0xa550c18",
                    "creation_num": "5"
                  }
                },
                "len_bytes": 40
              }
            }
          }
        }
      },
      {
        "type": "write_resource",
        "address": "0xa550c18",
        "state_key_hash": "0xf113db06626eb7724773e4e9dacecc8a6cb3a710b8b70365768168b24fe06ce3",
        "data": {
          "type": "0x1::Timestamp::CurrentTimeMicroseconds",
          "data": {
            "microseconds": "1"
          }
        }
      }
    ],
    "id": "0xf44b581f23222c10916b17a369b4da039d075952b58036f2a7b561446592403c",
    "round": "1",
    "previous_block_votes": [],
    "proposer": "0xf85fd00e30cd388d2609db24d6cc44f2652f27413456938eaa059f65231647cc",
    "timestamp": "1"
  },
  {
    "type": "user_transaction",
    "version": "2",
    "hash": "0x18073cb2536317833aa630d30062383a1f00221dd3604bbce19cd262813e6c36",
    "state_root_hash": "0x559f2943202c2a2016f5524c4e9a6ddc71c6cc036cebb1c139ac74de36387450",
    "event_root_hash": "0x414343554d554c41544f525f504c414345484f4c4445525f4841534800000000",
    "gas_used": "83",
    "success": true,
    "vm_status": "Executed successfully",
    "accumulator_root_hash": "0x2829c0cf9836e8a4e3bef0e941f11c6c49bcc56f8480521ba9e22fefcbb1cea2",
    "changes": [
      {
        "type": "write_resource",
        "address": "0xa550c18",
        "state_key_hash": "0x04a62513032e695c923632ca1b9248d11e49c9b1e83bba39974adf50bbabdd8f",
        "data": {
          "type": "0x1::Account::Account",
          "data": {
            "authentication_key": "0x7deeccb1080854f499ec8b4c1b213b82c5e34b925cf6875fec02d4b77adbd2d6",
            "balance": {
              "value": "18446744073709551614"
            },
            "self_address": "0xa550c18",
            "sequence_number": "1",
            "transfer_events": {
              "received_events": {
                "counter": "0",
                "guid": {
                  "guid": {
                    "id": {
                      "addr": "0xa550c18",
                      "creation_num": "1"
                    }
                  },
                  "len_bytes": 40
                }
              },
              "sent_events": {
                "counter": "0",
                "guid": {
                  "guid": {
                    "id": {
                      "addr": "0xa550c18",
                      "creation_num": "0"
                    }
                  },
                  "len_bytes": 40
                }
              }
            }
          }
        }
      },
      {
        "type": "write_resource",
        "address": "0xe60912ecb0a8c365d163d258f3b9f1b62f8f9148c207643864d7ed4a2b23159",
        "state_key_hash": "0xd1742838da5b852a3ff4714b21e88a0e8f09cc97d2a2d7d78aea7705fa3c51cd",
        "data": {
          "type": "0x1::Account::Account",
          "data": {
            "authentication_key": "0x0e60912ecb0a8c365d163d258f3b9f1b62f8f9148c207643864d7ed4a2b23159",
            "balance": {
              "value": "0"
            },
            "self_address": "0xe60912ecb0a8c365d163d258f3b9f1b62f8f9148c207643864d7ed4a2b23159",
            "sequence_number": "0",
            "transfer_events": {
              "received_events": {
                "counter": "0",
                "guid": {
                  "guid": {
                    "id": {
                      "addr": "0xe60912ecb0a8c365d163d258f3b9f1b62f8f9148c207643864d7ed4a2b23159",
                      "creation_num": "1"
                    }
                  },
                  "len_bytes": 40
                }
              },
              "sent_events": {
                "counter": "0",
                "guid": {
                  "guid": {
                    "id": {
                      "addr": "0xe60912ecb0a8c365d163d258f3b9f1b62f8f9148c207643864d7ed4a2b23159",
                      "creation_num": "0"
                    }
                  },
                  "len_bytes": 40
                }
              }
            }
          }
        }
      },
      {
        "type": "write_resource",
        "address": "0xe60912ecb0a8c365d163d258f3b9f1b62f8f9148c207643864d7ed4a2b23159",
        "state_key_hash": "0xf0e43b1c1002eb268eb3c95d032be24bd65f3caef859c88ca1b1eb0180279fc3",
        "data": {
          "type": "0x1::GUID::Generator",
          "data": {
            "counter": "2"
          }
        }
      }
    ],
    "sender": "0xa550c18",
    "sequence_number": "0",
    "max_gas_amount": "2000",
    "gas_unit_price": "0",
    "expiration_timestamp_secs": "18446744073709551615",
    "payload": {
      "type": "script_function_payload",
      "function": "0x1::Account::create_account",
      "type_arguments": [],
      "arguments": [
        "0xe60912ecb0a8c365d163d258f3b9f1b62f8f9148c207643864d7ed4a2b23159"
      ]
    },
    "signature": {
      "type": "ed25519_signature",
      "public_key": "0xb9c6ee1630ef3e711144a648db06bbb2284f7274cfbee53ffcee503cc1a49200",
      "signature": "0xb66feafc1e1b95ce33a8e25101a212cdfd4e94a7dfd85409ad538ce7fcc150b610326a97e688b1d02bb4703880631498588784c8128824671b219d6aca6edb04"
    },
    "events": [],
    "timestamp": "1"
  }
]
