{
  "type": "user_transaction",
  "version": "2",
  "hash": "0xd99666ee3f06d5d564d1e8bf5955a020e7634fd9b539c2b6bab071670548f625",
  "state_root_hash": "0x8c9477979fbb94b849d0f35cac7c8ef96ff8a332ae08f7f8fbfd9563df44ff0a",
  "event_root_hash": "0x414343554d554c41544f525f504c414345484f4c4445525f4841534800000000",
  "gas_used": "1",
  "success": false,
  "vm_status": "Move bytecode deserialization / verification failed, including script function not found or invalid arguments",
  "accumulator_root_hash": "0x02a22faf9cb414ff3f582b5407db7f0935010eb67deee2525bce11fb277281d7",
  "changes": [
    {
      "type": "write_resource",
      "address": "0xa550c18",
      "state_key_hash": "0x04a62513032e695c923632ca1b9248d11e49c9b1e83bba39974adf50bbabdd8f",
      "data": {
        "type": "0x1::Account::Account",
        "data": {
          "authentication_key": "0x7deeccb1080854f499ec8b4c1b213b82c5e34b925cf6875fec02d4b77adbd2d6",
          "balance": {
            "value": "18446744073709551614"
          },
          "self_address": "0xa550c18",
          "sequence_number": "1",
          "transfer_events": {
            "received_events": {
              "counter": "0",
              "guid": {
                "guid": {
                  "id": {
                    "addr": "0xa550c18",
                    "creation_num": "1"
                  }
                },
                "len_bytes": 40
              }
            },
            "sent_events": {
              "counter": "0",
              "guid": {
                "guid": {
                  "id": {
                    "addr": "0xa550c18",
                    "creation_num": "0"
                  }
                },
                "len_bytes": 40
              }
            }
          }
        }
      }
    }
  ],
  "sender": "0xa550c18",
  "sequence_number": "0",
  "max_gas_amount": "2000",
  "gas_unit_price": "0",
  "expiration_timestamp_secs": "18446744073709551615",
  "payload": {
    "type": "script_payload",
    "code": {
      "bytecode": "0xa11ceb0b030000",
      "abi": null
    },
    "type_arguments": [],
    "arguments": []
  },
  "signature": {
    "type": "ed25519_signature",
    "public_key": "0xb9c6ee1630ef3e711144a648db06bbb2284f7274cfbee53ffcee503cc1a49200",
    "signature": "0x13f4a33ffb8189fc0c13875055ca2f8e6b22b2a1ea9f9348cb5e68613c36aea8c2530b03ef27ca6a393b7484e2afe4dc8c4128a84b77bedeef4b2bff8651fa03"
  },
  "events": [],
  "timestamp": "1"
}
