[
  {
    "version": "3",
    "hash": "",
    "state_change_hash": "",
    "event_root_hash": "",
    "state_checkpoint_hash": null,
    "gas_used": "12",
    "success": false,
    "vm_status": "Move abort in 0x1::fungible_asset: EINSUFFICIENT_BALANCE(0x10004): Insufficient balance to withdraw or transfer.",
    "accumulator_root_hash": "",
    "changes": [
      {
        "address": "0xa5a7c7e10f3329999eb018de4dd05d03829f79585327b3df63121a8526acef61",
        "state_key_hash": "",
        "data": {
          "type": "0x1::fungible_asset::FungibleStore",
          "data": {
            "balance": "200000000",
            "frozen": false,
            "metadata": {
              "inner": "0xa"
            }
          }
        },
        "type": "write_resource"
      },
      {
        "address": "0xa5a7c7e10f3329999eb018de4dd05d03829f79585327b3df63121a8526acef61",
        "state_key_hash": "",
        "data": {
          "type": "0x1::lite_account::Account",
          "data": {
            "sequence_number": "1"
          }
        },
        "type": "write_resource"
      },
      {
        "address": "0xa5a7c7e10f3329999eb018de4dd05d03829f79585327b3df63121a8526acef61",
        "state_key_hash": "",
        "data": {
          "type": "0x1::object::ObjectCore",
          "data": {
            "allow_ungated_transfer": false,
            "guid_creation_num": "1125899906842625",
            "owner": "0x34bf7e2d17674feb234371a7ea58efd715f0e56ba20ebf13789480d9d643afaf",
            "transfer_events": {
              "counter": "0",
              "guid": {
                "id": {
                  "addr": "0xa5a7c7e10f3329999eb018de4dd05d03829f79585327b3df63121a8526acef61",
                  "creation_num": "1125899906842624"
                }
              }
            }
          }
        },
        "type": "write_resource"
      }
    ],
    "sender": "0x34bf7e2d17674feb234371a7ea58efd715f0e56ba20ebf13789480d9d643afaf",
    "sequence_number": "0",
    "max_gas_amount": "100000000",
    "gas_unit_price": "0",
    "expiration_timestamp_secs": "18446744073709551615",
    "payload": {
      "function": "0x1::aptos_account::transfer",
      "type_arguments": [],
      "arguments": [
        "0x1",
        "999999999999999999"
      ],
      "type": "entry_function_payload"
    },
    "signature": {
      "public_key": "0xd5a781494d2bf1a174ddffde1e02cb8881cff6dab70e61cbdef393deac0ce639",
      "signature": "0x0090fadcba9d32d9918286f8b651772a4d04a23633cc9d10f4339ad4d0b1b7c4ca4829542aa9a8b5a6a28e0e63dfd52863d38ca1ba1d2a57c4bf1efc72c0fb06",
      "type": "ed25519_signature"
    },
    "events": [
      {
        "guid": {
          "creation_number": "0",
          "account_address": "0x0"
        },
        "sequence_number": "0",
        "type": "0x1::transaction_fee::FeeStatement",
        "data": {
          "execution_gas_units": "6",
          "io_gas_units": "7",
          "storage_fee_octas": "0",
          "storage_fee_refund_octas": "0",
          "total_charge_gas_units": "12"
        }
      }
    ],
    "timestamp": "500000"
  }
]
