{
  "type": "user_transaction",
  "version": "2",
  "hash": "0x97053ab47cdf9d0bee6a38b61d4ca5366090474be9191c589377dad77b3fab66",
  "state_root_hash": "0x8c9477979fbb94b849d0f35cac7c8ef96ff8a332ae08f7f8fbfd9563df44ff0a",
  "event_root_hash": "0x414343554d554c41544f525f504c414345484f4c4445525f4841534800000000",
  "gas_used": "1",
  "success": false,
  "vm_status": "Move bytecode deserialization / verification failed, including script function not found or invalid arguments",
  "accumulator_root_hash": "0x1812c301ff251e10e5e1a36ed8960d099b2ce511f4dbfd6d450521bb4dd452a2",
  "changes": [
    {
      "type": "write_resource",
      "address": "0xa550c18",
      "state_key_hash": "0x04a62513032e695c923632ca1b9248d11e49c9b1e83bba39974adf50bbabdd8f",
      "data": {
        "type": "0x1::Account::Account",
        "data": {
          "authentication_key": "0x7deeccb1080854f499ec8b4c1b213b82c5e34b925cf6875fec02d4b77adbd2d6",
          "balance": {
            "value": "18446744073709551614"
          },
          "self_address": "0xa550c18",
          "sequence_number": "1",
          "transfer_events": {
            "received_events": {
              "counter": "0",
              "guid": {
                "guid": {
                  "id": {
                    "addr": "0xa550c18",
                    "creation_num": "1"
                  }
                },
                "len_bytes": 40
              }
            },
            "sent_events": {
              "counter": "0",
              "guid": {
                "guid": {
                  "id": {
                    "addr": "0xa550c18",
                    "creation_num": "0"
                  }
                },
                "len_bytes": 40
              }
            }
          }
        }
      }
    }
  ],
  "sender": "0xa550c18",
  "sequence_number": "0",
  "max_gas_amount": "2000",
  "gas_unit_price": "0",
  "expiration_timestamp_secs": "18446744073709551615",
  "payload": {
    "type": "script_function_payload",
    "function": "0x1222::TestCoin::transfer",
    "type_arguments": [],
    "arguments": [
      "0x00000000000000000000000000000000000000000000000000000000000000dd",
      "0x0100000000000000"
    ]
  },
  "signature": {
    "type": "ed25519_signature",
    "public_key": "0xb9c6ee1630ef3e711144a648db06bbb2284f7274cfbee53ffcee503cc1a49200",
    "signature": "0xcff4e485f98cf52f88f493cde50370192e26834236d04e5692dc51b019110c84f1bce5981114fdcbc24ccec86f407ec87ffd332a76c8e4e7fa2ea3b97f6b760e"
  },
  "events": [],
  "timestamp": "1"
}
