{
  "deprioritized_gas_estimate": 500,
  "gas_estimate": 500,
  "prioritized_gas_estimate": 1000
}
